// Jest Snapshot v1, https://goo.gl/fbAQLP

exports[`Tests in <CounterApp /> Should match with the snapshot 1`] = `
<div>
  <h1>
    CounterApp
  </h1>
  <h2>
    100
  </h2>
  <section>
    <button>
      +1
    </button>
    <button>
      -1
    </button>
    <button
      aria-label="btn-reset"
    >
      Reset
    </button>
  </section>
</div>
`;
