// Jest Snapshot v1, https://goo.gl/fbAQLP

exports[`Tests in <FirstApp /> Needs to match with snapshot 1`] = `
<div>
  <h1
    data-testid="test-title"
  >
     
    Hola soy goku
     
  </h1>
  <p>
    Your SubTitle Here!
  </p>
  <p>
    Your SubTitle Here!
  </p>
  <p>
    Your Name Here!
  </p>
</div>
`;
