// Jest Snapshot v1, https://goo.gl/fbAQLP

exports[`Tests in <FirstApp /> Needs to match with the snapshot 1`] = `
<div>
  <h1>
     
    Hola, soy Goku
     
  </h1>
  <p>
    Your SubTitle Here!
  </p>
  <p>
    Your Name Here!
  </p>
</div>
`;
